Add --debug-devel to your cmd line and you&#39;ll get a bunch of diagnostic info. Did you configure --enable-debug? If so, then additional debug can be obtained - can let you know how to get it, if necessary.<div><br></div>
<div>Ralph</div><div><br><br><div class="gmail_quote">On Thu, Jun 18, 2009 at 3:49 PM, Honest Guvnor <span dir="ltr">&lt;<a href="mailto:honestguvnor@googlemail.com">honestguvnor@googlemail.com</a>&gt;</span> wrote:<br><blockquote class="gmail_quote" style="margin:0 0 0 .8ex;border-left:1px #ccc solid;padding-left:1ex;">
OpenMPI 1.2.7, ethernet, Centos 5.3 i386 fresh install on host and nodes.<br>
<br>
Despite ssh and pdsh working, mpirun hangs when launching a program<br>
from the host to a node:<br>
<br>
[cluster@hankel ~]$ ssh n06 hostname<br>
n06<br>
[cluster@hankel ~]$ pdsh -w n06 hostname<br>
n06: n06<br>
[cluster@hankel ~]$ mpirun -np 1 --host n06 hostname<br>
[HANGS]<br>
<br>
However, mpirun works fine in reverse:<br>
<br>
[cluster@n06 ~]$ mpirun -np 1 --host hankel date<br>
Thu Jun 18 22:53:27 CEST 2009<br>
<br>
and from node to node. Paths to bin and lib seem OK:<br>
<br>
[cluster@hankel ~]$ printenv PATH<br>
/usr/kerberos/bin:/usr/local/bin:/bin:/usr/bin:/usr/lib/openmpi/1.2.7-gcc/bin:/home/cluster/bin<br>
[cluster@hankel ~]$ printenv LD_LIBRARY_PATH<br>
:/usr/lib/openmpi/1.2.7-gcc/lib<br>
[cluster@hankel ~]$ ssh n06 printenv PATH<br>
/usr/kerberos/bin:/usr/local/bin:/bin:/usr/bin:/usr/lib/openmpi/1.2.7-gcc/bin<br>
[cluster@hankel ~]$ ssh n06 printenv LD_LIBRARY_PATH<br>
:/usr/lib/openmpi/1.2.7-gcc/lib<br>
<br>
We are new to openmpi but checked a few mca parameters and turned on a<br>
diagnostic flag or two but without coming up with much. The nodes do<br>
not have access to the hosts external network and we half convinced<br>
ourselves this was the problem because of mentions in the output with<br>
the -d flag but:<br>
<br>
[cluster@hankel ~]$ mpirun --mca btl tcp,self --mca btl_tcp_if_exclude<br>
lo,eth0 --mca oob_tcp_if_exclude lo,eth0 -np 1 --host n06 hostname<br>
[STILL HANGS]<br>
<br>
where eth0 is the external network.<br>
<br>
Suggestions gratefully received on how we can get openmpi to report<br>
what has failed or where to poke and prod further?<br>
_______________________________________________<br>
users mailing list<br>
<a href="mailto:users@open-mpi.org">users@open-mpi.org</a><br>
<a href="http://www.open-mpi.org/mailman/listinfo.cgi/users" target="_blank">http://www.open-mpi.org/mailman/listinfo.cgi/users</a><br>
</blockquote></div><br></div>

