<html><body>
<p>Here are the details of my env. My machine has only one ethernet network adapter. If anything is missed, please let me know.<br>
<br>
<br>
[root@xblade08 wwh]# uname -a<br>
Linux xblade08.clusters.com 2.6.18-87.el5 #1 SMP Tue Mar 25 17:28:02 EDT 2008 i686 i686 i386 GNU/Linux<br>
[root@xblade08 wwh]# cat /etc/*release<br>
Red Hat Enterprise Linux Server release 5.2 Beta (Tikanga)<br>
[root@xblade08 wwh]# echo $PATH<br>
/opt/intel/fc/10.1.015/bin:/opt/intel/cc/10.1.015/bin:/usr/kerberos/sbin:/usr/kerberos/bin:/usr/local/sbin:/usr/local/bin:/sbin:/bin:/usr/sbin:/usr/bin:/opt/bin:/opt/xcat/bin:/opt/xcat/sbin:/opt/intel/cc/10.1.015/bin:/opt/intel/fc/10.1.015/bin:/root/bin<br>
[root@xblade08 wwh]# echo $LD_LIBRARY_PATH<br>
/opt/intel/fc/10.1.015/lib:/opt/intel/cc/10.1.015/lib<br>
[root@xblade08 wwh]# rpm -qa|grep intel<br>
intel-ifort101015-10.1.015-1<br>
intel-isubh101015-10.1.015-1<br>
intel-iidb101015-10.1.015-1<br>
intel-icc101015-10.1.015-1<br>
[root@xblade08 wwh]# ifconfig<br>
eth0      Link encap:Ethernet  HWaddr 00:0D:60:9C:09:CA<br>
          inet addr:172.20.3.24  Bcast:172.20.255.255  Mask:255.255.0.0<br>
          inet6 addr: fe80::20d:60ff:fe9c:9ca/64 Scope:Link<br>
          UP BROADCAST RUNNING MULTICAST  MTU:1500  Metric:1<br>
          RX packets:1030390 errors:0 dropped:0 overruns:0 frame:0<br>
          TX packets:422275 errors:0 dropped:0 overruns:0 carrier:0<br>
          collisions:0 txqueuelen:1000<br>
          RX bytes:78898265 (75.2 MiB)  TX bytes:155746699 (148.5 MiB)<br>
          Interrupt:169<br>
<br>
lo        Link encap:Local Loopback<br>
          inet addr:127.0.0.1  Mask:255.0.0.0<br>
          inet6 addr: ::1/128 Scope:Host<br>
          UP LOOPBACK RUNNING  MTU:16436  Metric:1<br>
          RX packets:2154 errors:0 dropped:0 overruns:0 frame:0<br>
          TX packets:2154 errors:0 dropped:0 overruns:0 carrier:0<br>
          collisions:0 txqueuelen:0<br>
          RX bytes:177404 (173.2 KiB)  TX bytes:177404 (173.2 KiB)<br>
<br>
I run <tt>&quot;./configure CC=icc CXX=icpc FC=ifort F77=ifort&quot; and</tt> <tt>&quot;make all install&quot;</tt> to install open mpi. The config.log can be got in the attched tarball. After these two command, mpic* commands seem to work.<br>
[root@xblade08 wwh]# mpicc --showme<br>
icc -I/usr/local/include -pthread -L/usr/local/lib -lmpi -lopen-rte -lopen-pal -ldl -Wl,--export-dynamic -lnsl -lutil<br>
[root@xblade08 wwh]# mpif77 --showme<br>
ifort -I/usr/local/include -pthread -L/usr/local/lib -lmpi_f77 -lmpi -lopen-rte -lopen-pal -ldl -Wl,--export-dynamic -lnsl -lutil<br>
<br>
Then I used open mpi to compile lamtests 7.1.4, downloaded from <a href="http://www.lam-mpi.org/7.1/test-suite.php">http://www.lam-mpi.org/7.1/test-suite.php</a>. &quot;<tt>./configure CC=icc CXX=icpc FC=ifort F77=ifort</tt>&quot; failed with following message:<br>
[root@xblade08 lamtests-7.1.4]# ./configure CC=icc CXX=icpc FC=ifort F77=ifort<br>
Configuring LAM test suite version 7.1.4<br>
checking for a BSD-compatible install... /usr/bin/install -c<br>
checking whether build environment is sane... yes<br>
checking for gawk... gawk<br>
checking whether make sets $(MAKE)... yes<br>
checking build system type... i686-pc-linux-gnu<br>
checking host system type... i686-pc-linux-gnu<br>
checking for mpicc... yes<br>
checking for gcc... mpicc<br>
checking for C compiler default output file name... a.out<br>
checking whether the C compiler works... configure: error: cannot run C compiled programs.<br>
If you meant to cross compile, use `--host'.<br>
See `config.log' for more details.<br>
[root@xblade08 lamtests-7.1.4]# grep cannot config.log<br>
./a.out: error while loading shared libraries: libopen-rte.so.0: cannot open shared object file: No such file or directory<br>
configure:2388: error: cannot run C compiled programs.<br>
[root@xblade08 lamtests-7.1.4]# file /usr/local/lib/libopen-rte.so.0<br>
/usr/local/lib/libopen-rte.so.0: symbolic link to `libopen-rte.so.0.0.0'<br>
<br>
<i>(See attached file: mpilibs.tar.gz)</i><br>
<br>
Wen Hao Wang<br>
<br>
<img width="16" height="16" src="cid:2__=C7BBFED8DFC7C3C58f9e8a93df938@cn.ibm.com" border="0" alt="Inactive hide details for Jeff Squyres &lt;jsquyres@cisco.com&gt;">Jeff Squyres &lt;jsquyres@cisco.com&gt;<br>
<br>
<br>

<table width="100%" border="0" cellspacing="0" cellpadding="0">
<tr valign="top"><td style="background-image:url(cid:3__=C7BBFED8DFC7C3C58f9e8a93df938@cn.ibm.com); background-repeat: no-repeat; " width="40%">
<ul>
<ul>
<ul>
<ul><b><font size="2">Jeff Squyres &lt;jsquyres@cisco.com&gt;</font></b><font size="2"> </font><br>
<font size="2">Sent by: users-bounces@open-mpi.org</font>
<p><font size="2">2008-05-16 22:35</font>
<table border="1">
<tr valign="top"><td width="168" bgcolor="#FFFFFF"><div align="center"><font size="2">Please respond to<br>
Open MPI Users &lt;users@open-mpi.org&gt;</font></div></td></tr>
</table>
</ul>
</ul>
</ul>
</ul>
</td><td width="60%">
<table width="100%" border="0" cellspacing="0" cellpadding="0">
<tr valign="top"><td width="1%"><img width="58" height="1" src="cid:4__=C7BBFED8DFC7C3C58f9e8a93df938@cn.ibm.com" border="0" alt=""><br>
<div align="right"><font size="2">To</font></div></td><td width="100%"><img width="1" height="1" src="cid:4__=C7BBFED8DFC7C3C58f9e8a93df938@cn.ibm.com" border="0" alt=""><br>
<font size="2">Open MPI Users &lt;users@open-mpi.org&gt;</font></td></tr>

<tr valign="top"><td width="1%"><img width="58" height="1" src="cid:4__=C7BBFED8DFC7C3C58f9e8a93df938@cn.ibm.com" border="0" alt=""><br>
<div align="right"><font size="2">cc</font></div></td><td width="100%"><img width="1" height="1" src="cid:4__=C7BBFED8DFC7C3C58f9e8a93df938@cn.ibm.com" border="0" alt=""><br>
</td></tr>

<tr valign="top"><td width="1%"><img width="58" height="1" src="cid:4__=C7BBFED8DFC7C3C58f9e8a93df938@cn.ibm.com" border="0" alt=""><br>
<div align="right"><font size="2">Subject</font></div></td><td width="100%"><img width="1" height="1" src="cid:4__=C7BBFED8DFC7C3C58f9e8a93df938@cn.ibm.com" border="0" alt=""><br>
<font size="2">Re: [OMPI users] Compiler Choice in openmpi</font></td></tr>
</table>

<table border="0" cellspacing="0" cellpadding="0">
<tr valign="top"><td width="58"><img width="1" height="1" src="cid:4__=C7BBFED8DFC7C3C58f9e8a93df938@cn.ibm.com" border="0" alt=""></td><td width="336"><img width="1" height="1" src="cid:4__=C7BBFED8DFC7C3C58f9e8a93df938@cn.ibm.com" border="0" alt=""></td></tr>
</table>
</td></tr>
</table>
<br>
<tt>On May 15, 2008, at 12:58 PM, Wen Hao Wang wrote:<br>
<br>
&gt; After I run &quot;./configure CC=icc CXX=icpc FC=ifort F77=ifort&quot; and &nbsp;<br>
&gt; &quot;make all install&quot;, some libs are installed to /usr/local/lib. These &nbsp;<br>
&gt; libs can not be found when compiling my program, how should I do?<br>
&gt;<br>
<br>
Can you send all the information listed here:<br>
<br>
 &nbsp; &nbsp; </tt><tt><a href="http://www.open-mpi.org/community/help/">http://www.open-mpi.org/community/help/</a></tt><tt><br>
<br>
And also the output you're seeing when your application fails to &nbsp;<br>
compile.<br>
<br>
Thanks!<br>
<br>
-- <br>
Jeff Squyres<br>
Cisco Systems<br>
<br>
_______________________________________________<br>
users mailing list<br>
users@open-mpi.org<br>
</tt><tt><a href="http://www.open-mpi.org/mailman/listinfo.cgi/users">http://www.open-mpi.org/mailman/listinfo.cgi/users</a></tt><tt><br>
</tt><br>
</body></html>

