<html><head></head><body bgcolor="#FFFFFF"><div>I'm pretty sure we are at autoconf 2.69 now. You might want to upgrade it, and ensure your m4 is correspondingly updated. Also, automake should probably be at 1.12.x (avoid 1.13,x as it has bugs). I think libtool looks pretty old too.<br><br>Sent from my iPad</div><div><br>On Jan 9, 2013, at 5:37 PM, "Ding, Boxiong" &lt;<a href="mailto:Boxiong.Ding@emc.com">Boxiong.Ding@emc.com</a>&gt; wrote:<br><br></div><div></div><blockquote type="cite"><div>

<title>Build open MPI</title>


<font face="Calibri, Verdana, Helvetica, Arial"><span style="font-size:11pt">Hi,<br>
<br>
I am trying to build the code that Ralph has put here: <a href="https://boxding@bitbucket.org/rhc/hdmon">https://boxding@bitbucket.org/rhc/hdmon</a>, but failed. It is a modified open MPI code. Can someone help?<br>
<br>
[root@aesaroyp1d1c hdmon]# cat /etc/redhat-release <br>
Red Hat Enterprise Linux Server release 6.1 (Santiago)<br>
<br>
I have manually installed m4/autoconf/automake/libtool on my local directory and the versions match those specified in HACKING.<br>
[root@aesaroyp1d1c lib]# pwd<br>
/root/local/lib<br>
[root@aesaroyp1d1c lib]# ls<br>
autoconf-2.68 &nbsp;automake-1.11.1 &nbsp;libtool-2.2.8 &nbsp;m4-1.4.13<br>
<br>
[root@aesaroyp1d1c lib]# which m4<br>
/root/local/lib/m4-1.4.13/bin/m4<br>
[root@aesaroyp1d1c lib]# which autoconf<br>
/root/local/lib/autoconf-2.68/bin/autoconf<br>
[root@aesaroyp1d1c lib]# which automake<br>
/root/local/lib/automake-1.11.1/bin/automake<br>
[root@aesaroyp1d1c lib]# which libtool<br>
/root/local/lib/libtool-2.2.8/bin/libtool<br>
<br>
When I run autogen.pl I got the following error:<br>
....<br>
6. Processing autogen.subdirs directories<br>
<br>
=== Processing subdir: /root/workspace/hdmon/opal/mca/event/libevent2019/libevent<br>
--- Found autogen.sh; running...<br>
Running: ./autogen.sh<br>
autoreconf: Entering directory `.'<br>
autoreconf: configure.in: not using Gettext<br>
autoreconf: running: aclocal -I .. --force -I m4<br>
autoreconf: configure.in: tracing<br>
autoreconf: configure.in: not using Libtool<br>
autoreconf: running: /root/local/lib/autoconf-2.68/bin/autoconf --include=.. --force<br>
configure.in:146: error: possibly undefined macro: AC_PROG_LIBTOOL<br>
&nbsp;&nbsp;&nbsp;&nbsp;&nbsp;&nbsp;If this token and others are legitimate, please use m4_pattern_allow.<br>
&nbsp;&nbsp;&nbsp;&nbsp;&nbsp;&nbsp;See the Autoconf documentation.<br>
autoreconf: /root/local/lib/autoconf-2.68/bin/autoconf failed with exit status: 1<br>
Command failed: ./autogen.sh<br>
<br>
<br>
Thanks,<br>
Boxiong</span></font>



</div></blockquote><blockquote type="cite"><div><span>_______________________________________________</span><br><span>devel mailing list</span><br><span><a href="mailto:devel@open-mpi.org">devel@open-mpi.org</a></span><br><span><a href="http://www.open-mpi.org/mailman/listinfo.cgi/devel">http://www.open-mpi.org/mailman/listinfo.cgi/devel</a></span></div></blockquote></body></html>
