<div dir="ltr"><div><div><div>Can you please configure OMPI with --enable-debug, and then execute<br><br></div>mpirun -mca plm_base_verbose 10 -host ib03 hostname<br><br></div>This will provide debug information about the problem.<br>
<br></div>Thanks<br>Ralph<br><br></div><div class="gmail_extra"><br><br><div class="gmail_quote">On Tue, Mar 25, 2014 at 9:51 PM, Wang,Yanfei(SYS) <span dir="ltr">&lt;<a href="mailto:wangyanfei01@baidu.com" target="_blank">wangyanfei01@baidu.com</a>&gt;</span> wrote:<br>
<blockquote class="gmail_quote" style="margin:0 0 0 .8ex;border-left:1px #ccc solid;padding-left:1ex">Hi,<br>
<br>
Thanks jeff, &nbsp;and I have not figured out what happened yet with this FAQ.<br>
<br>
1. Ssh remote login OK:<br>
[root@bb-nsi-ib04 examples]# ssh ib03 hostname<br>
bb-nsi-ib03.bb01.*.com<br>
[root@bb-nsi-ib04 examples]#<br>
2. following command return immediately without nothing returned<br>
[root@bb-nsi-ib04 examples]# mpirun -host ib03 hostname<br>
[root@bb-nsi-ib04 examples]#<br>
3. following command excute successfully.<br>
[root@bb-nsi-ib04 examples]# ssh ib03 &nbsp;mpirun<br>
--------------------------------------------------------------------------<br>
mpirun could not find anything to do.<br>
<br>
It is possible that you forgot to specify how many processes to run<br>
via the &quot;-np&quot; argument.<br>
--------------------------------------------------------------------------<br>
[root@bb-nsi-ib04 examples]#<br>
<br>
So, does it seem like that the non-interactive shell profile is not correctly configured? &nbsp;Step 3 can execute succefully...<br>
<br>
Hope any response!<br>
<br>
BR<br>
<br>
Yanfei Wang<br>
<br>
-----邮件原件-----<br>
发件人: devel [mailto:<a href="mailto:devel-bounces@open-mpi.org">devel-bounces@open-mpi.org</a>] 代表 Jeff Squyres (jsquyres)<br>
发送时间: 2014年3月25日 22:09<br>
收件人: Open MPI Developers<br>
主题: Re: [OMPI devel] example/Hello_c.c : mpirun run failed on two physical nodes.<br>
<div><div class="h5"><br>
Try this FAQ entry:<br>
<br>
<a href="http://www.open-mpi.org/faq/?category=running#diagnose-multi-host-problems" target="_blank">http://www.open-mpi.org/faq/?category=running#diagnose-multi-host-problems</a><br>
<br>
On Mar 25, 2014, at 6:54 AM, &quot;Wang,Yanfei(SYS)&quot; &lt;<a href="mailto:wangyanfei01@baidu.com">wangyanfei01@baidu.com</a>&gt; wrote:<br>
<br>
&gt; Hi,<br>
&gt;<br>
&gt; I am a fresh learner of OpenMPI programmer, and have some troubles on building mpi programming, hope some helps..<br>
&gt;<br>
&gt; The example/helloc_c can works successfully with 2 process on local machine, however, do not work on two separate physical node.<br>
&gt;<br>
&gt; Physical two nodes:<br>
&gt; Eg:<br>
&gt; [root@bb-nsi-ib04 examples]# mpirun -hostfile hosts -np 2 hello_c The<br>
&gt; command just return instantly without nothing printed.<br>
&gt; Local machine:<br>
&gt; [root@bb-nsi-ib04 examples]# mpirun -np 2 hello_c Hello, world, I am 0<br>
&gt; of 2, (Open MPI v1.7.5, package: Open MPI root@bb-nsi-ib04.bb01.*.com<br>
&gt; Distribution, ident: 1.7.5, Mar 20, 2014, 108) Hello, world, I am 1 of<br>
&gt; 2, (Open MPI v1.7.5, package: Open MPI root@bb-nsi-ib04.bb01.*.com<br>
&gt; Distribution, ident: 1.7.5, Mar 20, 2014, 108)<br>
&gt; [root@bb-nsi-ib04 examples]#<br>
&gt; -----peer machine is ok--------<br>
&gt; [root@bb-nsi-ib03 examples]# mpirun -np 2 hello_c Hello, world, I am 0<br>
&gt; of 2, (Open MPI v1.7.5, package: Open MPI root@bb-nsi-ib03.bb01.*.com<br>
&gt; Distribution, ident: 1.7.5, Mar 20, 2014, 108) Hello, world, I am 1 of<br>
&gt; 2, (Open MPI v1.7.5, package: Open MPI root@bb-nsi-ib03.bb01.*.com<br>
&gt; Distribution, ident: 1.7.5, Mar 20, 2014, 108)<br>
&gt; [root@bb-nsi-ib03 examples]#<br>
&gt; the command run successfully, and print two message!!<br>
&gt;<br>
&gt; Configuration details:<br>
&gt; OpenMPI version: 1.7.5<br>
&gt; Hostfile:<br>
&gt; [root@bb-nsi-ib04 examples]# cat hosts<br>
&gt; ib03 slots=1<br>
&gt; ib04 slots=1<br>
&gt; [root@bb-nsi-ib04 examples]#<br>
&gt; /etc/hosts:<br>
&gt; [root@bb-nsi-ib04 examples]# cat /etc/hosts<br>
&gt; 192.168.71.3 ib03<br>
&gt; 192.168.71.4 ib04<br>
&gt; SSH:<br>
&gt; Public rsa key is redistributed two machine, ib03 and ib04, and to do ssh login in without password is ok, I am sure.<br>
&gt;<br>
&gt; I am confused about this trouble, and anyone can help us? &nbsp;It have nothing log and error tip, could anyone tell me how to do diagnose it.<br>
&gt;<br>
&gt; BR<br>
&gt;<br>
&gt; Yanfei Wang<br>
&gt;<br>
&gt;<br>
&gt; _______________________________________________<br>
&gt; devel mailing list<br>
&gt; <a href="mailto:devel@open-mpi.org">devel@open-mpi.org</a><br>
&gt; Subscription: <a href="http://www.open-mpi.org/mailman/listinfo.cgi/devel" target="_blank">http://www.open-mpi.org/mailman/listinfo.cgi/devel</a><br>
&gt; Link to this post:<br>
&gt; <a href="http://www.open-mpi.org/community/lists/devel/2014/03/14385.php" target="_blank">http://www.open-mpi.org/community/lists/devel/2014/03/14385.php</a><br>
<br>
<br>
--<br>
Jeff Squyres<br>
<a href="mailto:jsquyres@cisco.com">jsquyres@cisco.com</a><br>
For corporate legal information go to: <a href="http://www.cisco.com/web/about/doing_business/legal/cri/" target="_blank">http://www.cisco.com/web/about/doing_business/legal/cri/</a><br>
<br>
_______________________________________________<br>
devel mailing list<br>
<a href="mailto:devel@open-mpi.org">devel@open-mpi.org</a><br>
Subscription: <a href="http://www.open-mpi.org/mailman/listinfo.cgi/devel" target="_blank">http://www.open-mpi.org/mailman/listinfo.cgi/devel</a><br>
Link to this post: <a href="http://www.open-mpi.org/community/lists/devel/2014/03/14386.php" target="_blank">http://www.open-mpi.org/community/lists/devel/2014/03/14386.php</a><br>
_______________________________________________<br>
devel mailing list<br>
<a href="mailto:devel@open-mpi.org">devel@open-mpi.org</a><br>
Subscription: <a href="http://www.open-mpi.org/mailman/listinfo.cgi/devel" target="_blank">http://www.open-mpi.org/mailman/listinfo.cgi/devel</a><br>
</div></div>Link to this post: <a href="http://www.open-mpi.org/community/lists/devel/2014/03/14396.php" target="_blank">http://www.open-mpi.org/community/lists/devel/2014/03/14396.php</a></blockquote></div><br></div>

