<html><body>
<p>Hi all:<br>
<br>
I am using openmpi to compile Fortran program on RHEL5.2 x86 machine. Open MPI 1.2.5-2 is installed. mpif77 gave following error.<br>
<br>
[root@xblade08 dtyp]# mpif77   -c -o freal16_f.o freal16_f.f<br>
 In file freal16_f.f:67<br>
<br>
      real*16 real16<br>
            1<br>
Error: Old-style type declaration REAL*16 not supported at (1)<br>
[root@xblade08 dtyp]# vi freal16_f.f<br>
67      real*16 real16<br>
[root@xblade08 dtyp]# which mpif77<br>
/usr/bin/mpif77<br>
[root@xblade08 dtyp]# file /usr/bin/mpif77<br>
/usr/bin/mpif77: symbolic link to `/etc/alternatives/mpif77'<br>
[root@xblade08 dtyp]# file /etc/alternatives/mpif77<br>
/etc/alternatives/mpif77: symbolic link to `/usr/bin/opal_wrapper-1.2.5-gcc-32'<br>
[root@xblade08 dtyp]# rpm -qf /usr/bin/opal_wrapper-1.2.5-gcc-32<br>
openmpi-devel-1.2.5-2.el5<br>
[root@xblade08 dtyp]# mpif77 -v<br>
Using built-in specs.<br>
Target: i386-redhat-linux<br>
Configured with: ../configure --prefix=/usr --mandir=/usr/share/man --infodir=/usr/share/info --enable-shared --enable-threads=posix --enable-checking=release --with-system-zlib --enable-__cxa_atexit --disable-libunwind-exceptions --enable-libgcj-multifile --enable-languages=c,c++,objc,obj-c++,java,fortran,ada --enable-java-awt=gtk --disable-dssi --enable-plugin --with-java-home=/usr/lib/jvm/java-1.4.2-gcj-1.4.2.0/jre --with-cpu=generic --host=i386-redhat-linux<br>
Thread model: posix<br>
gcc version 4.1.2 20071124 (Red Hat 4.1.2-41)<br>
<br>
<br>
Since mpif77 is one compiler wrapper, how can I get the detailed compiler, environment variables and arguments to the file compile freal16_f.f? I have another file named freal8_f.f, with the sentence &quot;real*8 real8&quot;. But mpif77 can compile it smoothly.<br>
<br>
Thanks!<br>
<br>
Wen Hao Wang<br>
Email: wangwhao@cn.ibm.com<br>
</body></html>
