<HTML>
<HEAD>
<TITLE>Build open MPI</TITLE>
</HEAD>
<BODY>
<FONT FACE="Calibri, Verdana, Helvetica, Arial"><SPAN STYLE='font-size:11pt'>Hi,<BR>
<BR>
I am trying to build the code that Ralph has put here: <a href="https://boxding@bitbucket.org/rhc/hdmon">https://boxding@bitbucket.org/rhc/hdmon</a>, but failed. It is a modified open MPI code. Can someone help?<BR>
<BR>
[root@aesaroyp1d1c hdmon]# cat /etc/redhat-release <BR>
Red Hat Enterprise Linux Server release 6.1 (Santiago)<BR>
<BR>
I have manually installed m4/autoconf/automake/libtool on my local directory and the versions match those specified in HACKING.<BR>
[root@aesaroyp1d1c lib]# pwd<BR>
/root/local/lib<BR>
[root@aesaroyp1d1c lib]# ls<BR>
autoconf-2.68 &nbsp;automake-1.11.1 &nbsp;libtool-2.2.8 &nbsp;m4-1.4.13<BR>
<BR>
[root@aesaroyp1d1c lib]# which m4<BR>
/root/local/lib/m4-1.4.13/bin/m4<BR>
[root@aesaroyp1d1c lib]# which autoconf<BR>
/root/local/lib/autoconf-2.68/bin/autoconf<BR>
[root@aesaroyp1d1c lib]# which automake<BR>
/root/local/lib/automake-1.11.1/bin/automake<BR>
[root@aesaroyp1d1c lib]# which libtool<BR>
/root/local/lib/libtool-2.2.8/bin/libtool<BR>
<BR>
When I run autogen.pl I got the following error:<BR>
....<BR>
6. Processing autogen.subdirs directories<BR>
<BR>
=== Processing subdir: /root/workspace/hdmon/opal/mca/event/libevent2019/libevent<BR>
--- Found autogen.sh; running...<BR>
Running: ./autogen.sh<BR>
autoreconf: Entering directory `.'<BR>
autoreconf: configure.in: not using Gettext<BR>
autoreconf: running: aclocal -I .. --force -I m4<BR>
autoreconf: configure.in: tracing<BR>
autoreconf: configure.in: not using Libtool<BR>
autoreconf: running: /root/local/lib/autoconf-2.68/bin/autoconf --include=.. --force<BR>
configure.in:146: error: possibly undefined macro: AC_PROG_LIBTOOL<BR>
&nbsp;&nbsp;&nbsp;&nbsp;&nbsp;&nbsp;If this token and others are legitimate, please use m4_pattern_allow.<BR>
&nbsp;&nbsp;&nbsp;&nbsp;&nbsp;&nbsp;See the Autoconf documentation.<BR>
autoreconf: /root/local/lib/autoconf-2.68/bin/autoconf failed with exit status: 1<BR>
Command failed: ./autogen.sh<BR>
<BR>
<BR>
Thanks,<BR>
Boxiong</SPAN></FONT>
</BODY>
</HTML>


